/* src/same-start-tag/dir/empty.txt */

/* Empty */
