/* src/footer/empty.txt */

/* Empty */

/* Footer: src/footer/empty.txt */
