<b:if cond='!data:view.isLayoutMode'>
<style>
.style {
  display: block;
}
</style>
</b:if>

<div>
  <div>
<b:if cond='!data:view.isLayoutMode'>
<style>
.style {
  display: block;
}
</style>
</b:if>
  </div>
</div>

<b:if cond='!data:view.isLayoutMode'>
<b:skin>
<![CDATA[
.skin {
  display: block;
}
]]>
</b:skin>
</b:if>

<div>
  <div>
<b:if cond='!data:view.isLayoutMode'>
<b:skin>
<![CDATA[
.skin {
  display: block;
}
]]>
</b:skin>
</b:if>
  </div>
</div>

<b:if cond='!data:view.isLayoutMode'>
<style>
.element {
  display: block;
}
</style>
</b:if>

<div>
  <div>
<b:if cond='!data:view.isLayoutMode'>
<style>
.element {
  display: block;
}
</style>
</b:if>
  </div>
</div>

<b:if cond='!data:view.isLayoutMode'>
<style>
.style {
  display: block;
}
.style {
  display: block;
}
</style>
</b:if>

<div>
  <div>
<b:if cond='!data:view.isLayoutMode'>
<style>
.style {
  display: block;
}
.style {
  display: block;
}
</style>
</b:if>
  </div>
</div>

<script>
//<![CDATA[
function foo() {
  console.log('foo');
}
//]]>
</script>

<div>
  <div>
<script>
//<![CDATA[
function foo() {
  console.log('foo');
}
//]]>
</script>
  </div>
</div>

<script>
//<![CDATA[
console.log('Hello, world!');
//]]>
</script>

<div>
  <div>
<script>
//<![CDATA[
console.log('Hello, world!');
//]]>
</script>
  </div>
</div>

<script>
//<![CDATA[
function foo() {
  console.log('foo');
}
function foo() {
  console.log('foo');
}
//]]>
</script>

<div>
  <div>
<script>
//<![CDATA[
function foo() {
  console.log('foo');
}
function foo() {
  console.log('foo');
}
//]]>
</script>
  </div>
</div>

<b:if cond='!data:view.isLayoutMode'>
<style>
.newline {
  display: none;
}
</style>
</b:if>

<b:if cond='!data:view.isLayoutMode'>
<style>
.newline2 {
  display: block;
}
</style>
</b:if>
