<div>
  <div>a</div>
  <div>b</div>
  <div>c</div>
  <div>d</div>
  <div>a</div>
  <div>b</div>
  <div>c</div>
  <div>d</div>
</div>
