<div>
  <div>
    <div>foo</div>
  </div>

  <div>
    <div>
      <div>bar</div>
    </div>
  </div>

  <div>
    <div>baz</div>
  </div>
</div>
