/* Header (src/example-diff-end-tag.njk) */

Foo

/* Footer */
