/* Header (src/example-empty1.njk) */

/* Empty */

/* Footer */

/* Header (src/example-empty2.njk) */

/* Empty */

/* Footer */
