/* Extract is empty */

/* Footer */

/* Extract is empty */

/* Footer */
