/* src/empty-message/dir/empty.txt */

/* Extract is empty */
