/* src/space/dir/bar.txt */

<bar>bar</bar>

          <bar>bar</bar>
