/* src/same-end-tag/dir/empty.txt */

/* Empty */
