/* src/first-match-to-end/empty.txt */

/* Empty */
