/* src/space/foo.txt */

<foo>foo</foo>

          <foo>foo</foo>
