/* src/first-match-to-end/dir/empty.txt */

/* Empty */
