<div>
  <main>
    <div>foo</div>
  </main>
</div>